
> @radikar/web@0.1.0 build
> next build --webpack

▲ Next.js 16.3.3 (webpack)
- Environments: .env.local
✓ Running next.config.ts took 85ms

  Creating an optimized production build ...
✓ Compiled successfully in 3.2s
  Running TypeScript ...
  Finished TypeScript in 1472ms ...
  Collecting page data using 7 workers ...
  Generating static pages using 7 workers (0/43) ...
  Generating static pages using 7 workers (10/43) 
  Generating static pages using 7 workers (21/43) 
  Generating static pages using 7 workers (32/43) 
✓ Generating static pages using 7 workers (43/43) in 477ms
  Finalizing page optimization ...
  Collecting build traces ...

Route (app)                Revalidate  Expire
┌ ○ /                              1h      1y
├ ○ /_not-found
├ ○ /about                         1h      1y
├ ○ /account
├ ○ /admin
├ ○ /admin/job-pool
├ ○ /admin/memberships
├ ○ /admin/model-usage
├ ○ /admin/orders
├ ○ /admin/payments
├ ○ /admin/radicoins
├ ○ /admin/records
├ ○ /admin/referrals
├ ○ /admin/settings
├ ○ /admin/users
├ ○ /ai-resume-builder             1h      1y
├ ƒ /api/[...path]
├ ○ /application-tracker           1h      1y
├ ○ /applications
├ ○ /billing/result
├ ○ /contact                       1h      1y
├ ○ /dashboard
├ ○ /guides                        1h      1y
├ ○ /interview
├ ○ /interview-practice            1h      1y
├ ○ /jobs
├ ○ /join
├ ○ /knowledge-base
├ ƒ /login
├ ○ /manifest.webmanifest
├ ○ /match
├ ○ /orders
├ ○ /privacy                       1h      1y
├ ○ /radicoins
├ ○ /referrals
├ ○ /resume-builder                1h      1y
├ ○ /resume-job-match              1h      1y
├ ○ /resumes
├ ○ /robots.txt
├ ○ /settings
├ ○ /sitemap.xml
├ ○ /terms                         1h      1y
├ ○ /upgrade
└ ƒ /v1/[...path]


○  (Static)   prerendered as static content
ƒ  (Dynamic)  server-rendered on demand

